// Vitest Snapshot v1, https://vitest.dev/guide/snapshot.html

exports[`Cherry Studio Oxlint plugin fixtures > accepts positive fixtures and snapshots every negative diagnostic 1`] = `
[
  {
    "file": "negative/scripts/utility-process-smoke/harness/utilityEntries/ForbiddenData.ts",
    "line": 1,
    "message": "Utility-process child code runs without the main process singletons. Use the child runtime and protocol layer instead; keep host-only code out of the entry graph.",
    "rule": "cherry(utility-process-boundaries)",
    "severity": "error",
  },
  {
    "file": "negative/src/main/Bad-Directory/bad-file.ts",
    "line": 1,
    "message": "Directory segment \`Bad-Directory\` must be camelCase under src/main.",
    "rule": "cherry(path-case)",
    "severity": "error",
  },
  {
    "file": "negative/src/main/Bad-Directory/bad-file.ts",
    "line": 1,
    "message": "File stem \`bad-file\` must be camelCase or PascalCase under src/main.",
    "rule": "cherry(path-case)",
    "severity": "error",
  },
  {
    "file": "negative/src/main/core/utilityProcess/runtime/ForbiddenImports.ts",
    "line": 1,
    "message": "Utility-process child code runs without the main process singletons. Use the child runtime and protocol layer instead; keep host-only code out of the entry graph.",
    "rule": "cherry(utility-process-boundaries)",
    "severity": "error",
  },
  {
    "file": "negative/src/main/core/utilityProcess/runtime/ForbiddenImports.ts",
    "line": 2,
    "message": "Utility-process child code runs without the main process singletons. Use the child runtime and protocol layer instead; keep host-only code out of the entry graph.",
    "rule": "cherry(utility-process-boundaries)",
    "severity": "error",
  },
  {
    "file": "negative/src/main/core/utilityProcess/runtime/ForbiddenImports.ts",
    "line": 3,
    "message": "Utility-process child code runs without the main process singletons. Use the child runtime and protocol layer instead; keep host-only code out of the entry graph.",
    "rule": "cherry(utility-process-boundaries)",
    "severity": "error",
  },
  {
    "file": "negative/src/main/filePath.ts",
    "line": 1,
    "message": "\`as AbsoluteFilePath\` forges the brand. Build it with AbsoluteFilePathSchema.parse(value) instead.",
    "rule": "cherry(no-as-filepath)",
    "severity": "error",
  },
  {
    "file": "negative/src/main/lifecycle.ts",
    "line": 1,
    "message": "Quit APIs and signals are owned by the Application lifecycle; do not use app.quit() directly.",
    "rule": "cherry(no-direct-quit)",
    "severity": "error",
  },
  {
    "file": "negative/src/renderer/components/ConditionalHook.tsx",
    "line": 6,
    "message": "React Hook "useState" is called conditionally. React Hooks must be called in the exact same order in every component render.",
    "rule": "react-hooks(rules-of-hooks)",
    "severity": "error",
  },
  {
    "file": "negative/src/renderer/components/DynamicReact.ts",
    "line": 1,
    "message": "\`React.Children.map\` should not be used.",
    "rule": "cherry(dynamic-react-children-map)",
    "severity": "error",
  },
  {
    "file": "negative/src/renderer/components/DynamicReact.ts",
    "line": 2,
    "message": "\`React.cloneElement\` should not be used.",
    "rule": "cherry(dynamic-react-clone-element)",
    "severity": "error",
  },
  {
    "file": "negative/src/renderer/components/LegacyProps.tsx",
    "line": 5,
    "message": "TypeScript React components must use TypeScript types, not runtime propTypes.",
    "rule": "cherry(no-prop-types)",
    "severity": "error",
  },
  {
    "file": "negative/src/renderer/components/ReactRecommended.tsx",
    "line": 10,
    "message": "In React 19, 'forwardRef' is unnecessary. Pass 'ref' as a prop instead.",
    "rule": "cherry(react-no-forward-ref)",
    "severity": "warning",
  },
  {
    "file": "negative/src/renderer/components/ReactRecommended.tsx",
    "line": 10,
    "message": "Components wrapped with \`forwardRef\` must have a \`ref\` parameter",
    "rule": "react(forward-ref-uses-ref)",
    "severity": "warning",
  },
  {
    "file": "negative/src/renderer/components/ReactRecommended.tsx",
    "line": 13,
    "message": "[Deprecated] Use 'useRef' instead.",
    "rule": "cherry(react-no-create-ref)",
    "severity": "error",
  },
  {
    "file": "negative/src/renderer/components/ReactRecommended.tsx",
    "line": 14,
    "message": "In React 19, 'use' is preferred over 'useContext'.",
    "rule": "cherry(react-no-use-context)",
    "severity": "warning",
  },
  {
    "file": "negative/src/renderer/components/ReactRecommended.tsx",
    "line": 15,
    "message": "Declare lazy components at the top level of the module.",
    "rule": "cherry(react-no-nested-lazy-component-declarations)",
    "severity": "warning",
  },
  {
    "file": "negative/src/renderer/components/ReactRecommended.tsx",
    "line": 16,
    "message": "Call 'captureOwnerStack' only inside an explicit non-production guard.",
    "rule": "cherry(react-no-misused-capture-owner-stack)",
    "severity": "error",
  },
  {
    "file": "negative/src/renderer/components/ReactRecommended.tsx",
    "line": 17,
    "message": "Using 'flushSync' is uncommon and can hurt the performance of your app.",
    "rule": "cherry(react-dom-no-flush-sync)",
    "severity": "error",
  },
  {
    "file": "negative/src/renderer/components/ReactRecommended.tsx",
    "line": 18,
    "message": "[Deprecated] Use 'hydrateRoot()' instead.",
    "rule": "cherry(react-dom-no-hydrate)",
    "severity": "error",
  },
  {
    "file": "negative/src/renderer/components/ReactRecommended.tsx",
    "line": 19,
    "message": "[Deprecated] Use 'createRoot(node).render()' instead.",
    "rule": "cherry(react-dom-no-render)",
    "severity": "error",
  },
  {
    "file": "negative/src/renderer/components/ReactRecommended.tsx",
    "line": 19,
    "message": "Do not depend on the return value from \`ReactDOM.render\`.",
    "rule": "react(no-render-return-value)",
    "severity": "error",
  },
  {
    "file": "negative/src/renderer/components/ReactRecommended.tsx",
    "line": 2,
    "message": "Use a React namespace import for 'captureOwnerStack'.",
    "rule": "cherry(react-no-misused-capture-owner-stack)",
    "severity": "error",
  },
  {
    "file": "negative/src/renderer/components/ReactRecommended.tsx",
    "line": 2,
    "message": "In React 19, 'use' is preferred over 'useContext'.",
    "rule": "cherry(react-no-use-context)",
    "severity": "warning",
  },
  {
    "file": "negative/src/renderer/components/ReactRecommended.tsx",
    "line": 20,
    "message": "[Deprecated] Use 'createRoot(node).render()' instead.",
    "rule": "cherry(react-dom-no-render)",
    "severity": "error",
  },
  {
    "file": "negative/src/renderer/components/ReactRecommended.tsx",
    "line": 21,
    "message": "[Deprecated] Use 'useActionState' from 'react' instead.",
    "rule": "cherry(react-dom-no-use-form-state)",
    "severity": "error",
  },
  {
    "file": "negative/src/renderer/components/ReactRecommended.tsx",
    "line": 22,
    "message": "Unexpected call to \`findDOMNode\`.",
    "rule": "react(no-find-dom-node)",
    "severity": "error",
  },
  {
    "file": "negative/src/renderer/components/ReactRecommended.tsx",
    "line": 23,
    "message": "\`React.cloneElement\` should not be used.",
    "rule": "react(no-clone-element)",
    "severity": "warning",
  },
  {
    "file": "negative/src/renderer/components/ReactRecommended.tsx",
    "line": 27,
    "message": "React component caseNamespace:item must not be in a namespace, as React does not support them.",
    "rule": "react(no-namespace)",
    "severity": "error",
  },
  {
    "file": "negative/src/renderer/components/ReactRecommended.tsx",
    "line": 28,
    "message": "\`button\` elements must have an explicit \`type\` attribute.",
    "rule": "react(button-has-type)",
    "severity": "warning",
  },
  {
    "file": "negative/src/renderer/components/ReactRecommended.tsx",
    "line": 29,
    "message": "An iframe element is missing a sandbox attribute",
    "rule": "react(iframe-missing-sandbox)",
    "severity": "warning",
  },
  {
    "file": "negative/src/renderer/components/ReactRecommended.tsx",
    "line": 30,
    "message": "An \`iframe\` element defines a sandbox attribute with both allow-scripts and allow-same-origin which is invalid",
    "rule": "react(iframe-missing-sandbox)",
    "severity": "warning",
  },
  {
    "file": "negative/src/renderer/components/ReactRecommended.tsx",
    "line": 31,
    "message": "React 19 disallows \`javascript:\` URLs as a security precaution.",
    "rule": "react(jsx-no-script-url)",
    "severity": "warning",
  },
  {
    "file": "negative/src/renderer/components/ReactRecommended.tsx",
    "line": 34,
    "message": "Using target=\`_blank\` without rel=\`noreferrer\` (which implies rel=\`noopener\`) is a security risk in older browsers: see https://mathiasbynens.github.io/rel-noopener/#recommendations",
    "rule": "react(jsx-no-target-blank)",
    "severity": "warning",
  },
  {
    "file": "negative/src/renderer/components/ReactRecommended.tsx",
    "line": 37,
    "message": "Only set one of \`children\` or \`props.dangerouslySetInnerHTML\`",
    "rule": "react(no-danger-with-children)",
    "severity": "error",
  },
  {
    "file": "negative/src/renderer/components/ReactRecommended.tsx",
    "line": 38,
    "message": "Void DOM element <"img" /> cannot receive children.",
    "rule": "react(void-dom-elements-no-children)",
    "severity": "error",
  },
  {
    "file": "negative/src/renderer/components/ReactRecommended.tsx",
    "line": 39,
    "message": "Comments inside children section of tag should be placed inside braces",
    "rule": "react(jsx-no-comment-textnodes)",
    "severity": "warning",
  },
  {
    "file": "negative/src/renderer/components/ReactRecommended.tsx",
    "line": 40,
    "message": "In React 19, render '<Context>' as the provider instead of '<Context.Provider>'.",
    "rule": "cherry(react-no-context-provider)",
    "severity": "warning",
  },
  {
    "file": "negative/src/renderer/components/ReactRecommended.tsx",
    "line": 41,
    "message": ""key" prop must be placed before any \`{...spread}\`",
    "rule": "react(jsx-key)",
    "severity": "error",
  },
  {
    "file": "negative/src/renderer/components/ReactRecommended.tsx",
    "line": 42,
    "message": "Do not use implicit 'key' props.",
    "rule": "cherry(react-no-implicit-key)",
    "severity": "warning",
  },
  {
    "file": "negative/src/renderer/components/ReactRecommended.tsx",
    "line": 43,
    "message": "Duplicate key 'duplicate' found in JSX elements",
    "rule": "react(jsx-key)",
    "severity": "error",
  },
  {
    "file": "negative/src/renderer/components/ReactRecommended.tsx",
    "line": 44,
    "message": "Missing "key" prop for element in iterator.",
    "rule": "react(jsx-key)",
    "severity": "error",
  },
  {
    "file": "negative/src/renderer/components/ReactRecommended.tsx",
    "line": 47,
    "message": "\`React.Children.count\` should not be used.",
    "rule": "cherry(react-no-children-methods)",
    "severity": "warning",
  },
  {
    "file": "negative/src/renderer/components/ReactRecommended.tsx",
    "line": 48,
    "message": "\`React.Children.forEach\` should not be used.",
    "rule": "cherry(react-no-children-methods)",
    "severity": "warning",
  },
  {
    "file": "negative/src/renderer/components/ReactRecommended.tsx",
    "line": 49,
    "message": "\`React.Children.map\` should not be used.",
    "rule": "cherry(react-no-children-methods)",
    "severity": "warning",
  },
  {
    "file": "negative/src/renderer/components/ReactRecommended.tsx",
    "line": 5,
    "message": "A context name must be a component name with the suffix 'Context'.",
    "rule": "cherry(react-context-name)",
    "severity": "warning",
  },
  {
    "file": "negative/src/renderer/components/ReactRecommended.tsx",
    "line": 50,
    "message": "\`React.Children.only\` should not be used.",
    "rule": "cherry(react-no-children-methods)",
    "severity": "warning",
  },
  {
    "file": "negative/src/renderer/components/ReactRecommended.tsx",
    "line": 65,
    "message": "[Deprecated] Use ES6 default parameters instead.",
    "rule": "cherry(react-no-default-props)",
    "severity": "error",
  },
  {
    "file": "negative/src/renderer/components/ReactRecommended.tsx",
    "line": 66,
    "message": "TypeScript React components must use TypeScript types, not runtime propTypes.",
    "rule": "cherry(no-prop-types)",
    "severity": "error",
  },
  {
    "file": "negative/src/renderer/components/ReactRecommendedClass.tsx",
    "line": 13,
    "message": "Do not use \`setState\` in \`componentDidUpdate\`.",
    "rule": "react(no-did-update-set-state)",
    "severity": "warning",
  },
  {
    "file": "negative/src/renderer/components/ReactRecommendedClass.tsx",
    "line": 16,
    "message": "Unsafe lifecycle method \`componentWillMount\` is not allowed",
    "rule": "react(no-unsafe)",
    "severity": "error",
  },
  {
    "file": "negative/src/renderer/components/ReactRecommendedClass.tsx",
    "line": 17,
    "message": "Unsafe lifecycle method \`componentWillReceiveProps\` is not allowed",
    "rule": "react(no-unsafe)",
    "severity": "error",
  },
  {
    "file": "negative/src/renderer/components/ReactRecommendedClass.tsx",
    "line": 18,
    "message": "Unsafe lifecycle method \`componentWillUpdate\` is not allowed",
    "rule": "react(no-unsafe)",
    "severity": "error",
  },
  {
    "file": "negative/src/renderer/components/ReactRecommendedClass.tsx",
    "line": 19,
    "message": "Do not use \`setState\` in \`componentWillUpdate\`.",
    "rule": "react(no-will-update-set-state)",
    "severity": "warning",
  },
  {
    "file": "negative/src/renderer/components/ReactRecommendedClass.tsx",
    "line": 22,
    "message": "Unsafe lifecycle method \`UNSAFE_componentWillMount\` is not allowed",
    "rule": "react(no-unsafe)",
    "severity": "error",
  },
  {
    "file": "negative/src/renderer/components/ReactRecommendedClass.tsx",
    "line": 23,
    "message": "Unsafe lifecycle method \`UNSAFE_componentWillReceiveProps\` is not allowed",
    "rule": "react(no-unsafe)",
    "severity": "error",
  },
  {
    "file": "negative/src/renderer/components/ReactRecommendedClass.tsx",
    "line": 24,
    "message": "Unsafe lifecycle method \`UNSAFE_componentWillUpdate\` is not allowed",
    "rule": "react(no-unsafe)",
    "severity": "error",
  },
  {
    "file": "negative/src/renderer/components/ReactRecommendedClass.tsx",
    "line": 26,
    "message": "Unused method or property 'updateFromCurrentState' of class 'CaseLegacyComponent'.",
    "rule": "cherry(react-no-unused-class-component-members)",
    "severity": "warning",
  },
  {
    "file": "negative/src/renderer/components/ReactRecommendedClass.tsx",
    "line": 27,
    "message": "Do not access 'this.state' within 'setState'. Use the update function instead.",
    "rule": "cherry(react-no-access-state-in-setstate)",
    "severity": "error",
  },
  {
    "file": "negative/src/renderer/components/ReactRecommendedClass.tsx",
    "line": 30,
    "message": "Unused method or property 'mutateStateDirectly' of class 'CaseLegacyComponent'.",
    "rule": "cherry(react-no-unused-class-component-members)",
    "severity": "warning",
  },
  {
    "file": "negative/src/renderer/components/ReactRecommendedClass.tsx",
    "line": 31,
    "message": "Never mutate \`this.state\` directly.",
    "rule": "react(no-direct-mutation-state)",
    "severity": "error",
  },
  {
    "file": "negative/src/renderer/components/ReactRecommendedClass.tsx",
    "line": 35,
    "message": "Using string literals in ref attributes is deprecated.",
    "rule": "react(no-string-refs)",
    "severity": "error",
  },
  {
    "file": "negative/src/renderer/components/ReactRecommendedClass.tsx",
    "line": 40,
    "message": "CaseRedundantUpdate does not need \`shouldComponentUpdate\` when extending \`React.PureComponent\`.",
    "rule": "react(no-redundant-should-component-update)",
    "severity": "error",
  },
  {
    "file": "negative/src/renderer/components/ReactRecommendedClass.tsx",
    "line": 50,
    "message": "Unused class component state in 'CaseUnusedState'.",
    "rule": "cherry(react-no-unused-state)",
    "severity": "warning",
  },
  {
    "file": "negative/src/renderer/components/ReactRecommendedClass.tsx",
    "line": 6,
    "message": "Unused method or property 'unusedMember' of class 'CaseLegacyComponent'.",
    "rule": "cherry(react-no-unused-class-component-members)",
    "severity": "warning",
  },
  {
    "file": "negative/src/renderer/components/ReactRecommendedClass.tsx",
    "line": 9,
    "message": "Do not use \`setState\` in \`componentDidMount\`.",
    "rule": "react(no-did-mount-set-state)",
    "severity": "warning",
  },
  {
    "file": "negative/src/renderer/components/ReactRecommendedResources.tsx",
    "line": 6,
    "message": "A 'setInterval' created in an effect must be cleared with 'clearInterval'.",
    "rule": "cherry(react-no-leaked-interval)",
    "severity": "warning",
  },
  {
    "file": "negative/src/renderer/components/ReactRecommendedResources.tsx",
    "line": 7,
    "message": "A 'ResizeObserver' created in an effect must be disconnected or unobserved in cleanup.",
    "rule": "cherry(react-no-leaked-resize-observer)",
    "severity": "warning",
  },
  {
    "file": "negative/src/renderer/components/ReverseEdge.tsx",
    "line": 1,
    "message": "Shared buckets must not import pages/windows (reverse layer edge). docs/references/architecture/renderer.md §7.",
    "rule": "cherry(renderer-boundaries)",
    "severity": "error",
  },
  {
    "file": "negative/src/renderer/pages/settings/CrossPage.tsx",
    "line": 1,
    "message": "A page must not import another page (cross-page coupling). docs/references/architecture/renderer.md §7.",
    "rule": "cherry(page-boundaries)",
    "severity": "error",
  },
  {
    "file": "negative/src/shared/component/index.tsx",
    "line": 1,
    "message": "No \`index.tsx\` — use \`index.ts\` for a barrel, a named component file, or \`<segment>.index.tsx\` for a route.",
    "rule": "cherry(no-index-tsx)",
    "severity": "error",
  },
  {
    "file": "negative/src/shared/consumer.ts",
    "line": 1,
    "message": "Deep import into a closed barrel — import its index instead.",
    "rule": "cherry(barrel-closed)",
    "severity": "error",
  },
  {
    "file": "negative/src/shared/data/cache/cacheSchemas.ts",
    "line": 2,
    "message": "Schema key \`Invalid.Key\` must follow namespace.sub.key_name.",
    "rule": "cherry(valid-schema-key)",
    "severity": "error",
  },
  {
    "file": "negative/src/shared/exportStar.ts",
    "line": 1,
    "message": "No \`export *\` — use explicit named re-exports (docs/references/architecture/naming-conventions.md §6.4).",
    "rule": "cherry(no-export-star)",
    "severity": "error",
  },
  {
    "file": "negative/src/shared/i18n.ts",
    "line": 1,
    "message": "⚠️ Avoid template literals in t() — they make rendering output unpredictable",
    "rule": "cherry(no-template-in-t)",
    "severity": "error",
  },
  {
    "file": "negative/src/shared/implementation/index.ts",
    "line": 1,
    "message": "A barrel is pure re-export — move top-level logic to a named file.",
    "rule": "cherry(index-no-impl)",
    "severity": "error",
  },
  {
    "file": "negative/src/shared/implementation/index.ts",
    "line": 3,
    "message": "A barrel must re-export from another module, not export local bindings.",
    "rule": "cherry(index-no-impl)",
    "severity": "error",
  },
  {
    "file": "negative/src/shared/namedOnly/index.ts",
    "line": 1,
    "message": "A barrel exposes named exports; do not forward a bare default.",
    "rule": "cherry(barrel-named-only)",
    "severity": "error",
  },
  {
    "file": "negative/src/shared/outer/index.ts",
    "line": 1,
    "message": "A barrel must not re-export another barrel; let each unit own its entry point.",
    "rule": "cherry(barrel-no-nesting)",
    "severity": "error",
  },
  {
    "file": "negative/src/shared/schema.ts",
    "line": 1,
    "message": "Import Zod as a namespace (\`import * as z from "zod"\`).",
    "rule": "cherry(prefer-zod-namespace)",
    "severity": "error",
  },
  {
    "file": "negative/src/shared/utils/index.ts",
    "line": 1,
    "message": "Bucket roots (types/utils/services) must not expose a barrel.",
    "rule": "cherry(no-bucket-root-barrel)",
    "severity": "error",
  },
]
`;
