// Vitest Snapshot v1, https://vitest.dev/guide/snapshot.html

exports[`Cherry Studio Oxlint plugin fixtures > accepts positive fixtures and snapshots every negative diagnostic 1`] = `
[
  {
    "file": "negative/src/main/Bad-Directory/bad-file.ts",
    "line": 1,
    "message": "Directory segment \`Bad-Directory\` must be camelCase under src/main.",
    "rule": "cherry(path-case)",
    "severity": "error",
  },
  {
    "file": "negative/src/main/Bad-Directory/bad-file.ts",
    "line": 1,
    "message": "File stem \`bad-file\` must be camelCase or PascalCase under src/main.",
    "rule": "cherry(path-case)",
    "severity": "error",
  },
  {
    "file": "negative/src/main/filePath.ts",
    "line": 1,
    "message": "\`as AbsoluteFilePath\` forges the brand. Build it with AbsoluteFilePathSchema.parse(value) instead.",
    "rule": "cherry(no-as-filepath)",
    "severity": "error",
  },
  {
    "file": "negative/src/main/lifecycle.ts",
    "line": 1,
    "message": "Quit APIs and signals are owned by the Application lifecycle; do not use app.quit() directly.",
    "rule": "cherry(no-direct-quit)",
    "severity": "error",
  },
  {
    "file": "negative/src/renderer/components/ConditionalHook.tsx",
    "line": 6,
    "message": "React Hook "useState" is called conditionally. React Hooks must be called in the exact same order in every component render.",
    "rule": "react-hooks(rules-of-hooks)",
    "severity": "error",
  },
  {
    "file": "negative/src/renderer/components/DynamicReact.ts",
    "line": 1,
    "message": "\`React.Children.map\` should not be used.",
    "rule": "cherry(dynamic-react-children-map)",
    "severity": "error",
  },
  {
    "file": "negative/src/renderer/components/DynamicReact.ts",
    "line": 2,
    "message": "\`React.cloneElement\` should not be used.",
    "rule": "cherry(dynamic-react-clone-element)",
    "severity": "error",
  },
  {
    "file": "negative/src/renderer/components/LegacyProps.tsx",
    "line": 5,
    "message": "TypeScript React components must use TypeScript types, not runtime propTypes.",
    "rule": "cherry(no-prop-types)",
    "severity": "error",
  },
  {
    "file": "negative/src/renderer/components/ReverseEdge.tsx",
    "line": 1,
    "message": "Shared buckets must not import pages/windows (reverse layer edge). docs/references/architecture/renderer.md §7.",
    "rule": "cherry(renderer-boundaries)",
    "severity": "error",
  },
  {
    "file": "negative/src/renderer/pages/settings/CrossPage.tsx",
    "line": 1,
    "message": "A page must not import another page (cross-page coupling). docs/references/architecture/renderer.md §7.",
    "rule": "cherry(page-boundaries)",
    "severity": "error",
  },
  {
    "file": "negative/src/shared/component/index.tsx",
    "line": 1,
    "message": "No \`index.tsx\` — use \`index.ts\` for a barrel, a named component file, or \`<segment>.index.tsx\` for a route.",
    "rule": "cherry(no-index-tsx)",
    "severity": "error",
  },
  {
    "file": "negative/src/shared/consumer.ts",
    "line": 1,
    "message": "Deep import into a closed barrel — import its index instead.",
    "rule": "cherry(barrel-closed)",
    "severity": "error",
  },
  {
    "file": "negative/src/shared/data/cache/cacheSchemas.ts",
    "line": 2,
    "message": "Schema key \`Invalid.Key\` must follow namespace.sub.key_name.",
    "rule": "cherry(valid-schema-key)",
    "severity": "error",
  },
  {
    "file": "negative/src/shared/exportStar.ts",
    "line": 1,
    "message": "No \`export *\` — use explicit named re-exports (docs/references/architecture/naming-conventions.md §6.4).",
    "rule": "cherry(no-export-star)",
    "severity": "error",
  },
  {
    "file": "negative/src/shared/i18n.ts",
    "line": 1,
    "message": "⚠️ Avoid template literals in t() — they make rendering output unpredictable",
    "rule": "cherry(no-template-in-t)",
    "severity": "error",
  },
  {
    "file": "negative/src/shared/implementation/index.ts",
    "line": 1,
    "message": "A barrel is pure re-export — move top-level logic to a named file.",
    "rule": "cherry(index-no-impl)",
    "severity": "error",
  },
  {
    "file": "negative/src/shared/implementation/index.ts",
    "line": 3,
    "message": "A barrel must re-export from another module, not export local bindings.",
    "rule": "cherry(index-no-impl)",
    "severity": "error",
  },
  {
    "file": "negative/src/shared/namedOnly/index.ts",
    "line": 1,
    "message": "A barrel exposes named exports; do not forward a bare default.",
    "rule": "cherry(barrel-named-only)",
    "severity": "error",
  },
  {
    "file": "negative/src/shared/outer/index.ts",
    "line": 1,
    "message": "A barrel must not re-export another barrel; let each unit own its entry point.",
    "rule": "cherry(barrel-no-nesting)",
    "severity": "error",
  },
  {
    "file": "negative/src/shared/schema.ts",
    "line": 1,
    "message": "Import Zod as a namespace (\`import * as z from "zod"\`).",
    "rule": "cherry(prefer-zod-namespace)",
    "severity": "error",
  },
  {
    "file": "negative/src/shared/utils/index.ts",
    "line": 1,
    "message": "Bucket roots (types/utils/services) must not expose a barrel.",
    "rule": "cherry(no-bucket-root-barrel)",
    "severity": "error",
  },
]
`;
